Archive member included to satisfy reference by file (symbol)

c:/st/stm32cubeide_1.7.0/stm32cubeide/plugins/com.st.stm32cube.ide.mcu.externaltools.gnu-tools-for-stm32.9-2020-q2-update.win32_2.0.0.202105311346/tools/bin/../lib/gcc/arm-none-eabi/9.3.1/../../../../arm-none-eabi/lib/thumb/v7-m/nofp\libc_nano.a(lib_a-errno.o)
                              ./Core/Src/syscalls.o (__errno)
c:/st/stm32cubeide_1.7.0/stm32cubeide/plugins/com.st.stm32cube.ide.mcu.externaltools.gnu-tools-for-stm32.9-2020-q2-update.win32_2.0.0.202105311346/tools/bin/../lib/gcc/arm-none-eabi/9.3.1/../../../../arm-none-eabi/lib/thumb/v7-m/nofp\libc_nano.a(lib_a-exit.o)
                              c:/st/stm32cubeide_1.7.0/stm32cubeide/plugins/com.st.stm32cube.ide.mcu.externaltools.gnu-tools-for-stm32.9-2020-q2-update.win32_2.0.0.202105311346/tools/bin/../lib/gcc/arm-none-eabi/9.3.1/../../../../arm-none-eabi/lib/thumb/v7-m/nofp/crt0.o (exit)
c:/st/stm32cubeide_1.7.0/stm32cubeide/plugins/com.st.stm32cube.ide.mcu.externaltools.gnu-tools-for-stm32.9-2020-q2-update.win32_2.0.0.202105311346/tools/bin/../lib/gcc/arm-none-eabi/9.3.1/../../../../arm-none-eabi/lib/thumb/v7-m/nofp\libc_nano.a(lib_a-impure.o)
                              c:/st/stm32cubeide_1.7.0/stm32cubeide/plugins/com.st.stm32cube.ide.mcu.externaltools.gnu-tools-for-stm32.9-2020-q2-update.win32_2.0.0.202105311346/tools/bin/../lib/gcc/arm-none-eabi/9.3.1/../../../../arm-none-eabi/lib/thumb/v7-m/nofp\libc_nano.a(lib_a-exit.o) (_global_impure_ptr)
c:/st/stm32cubeide_1.7.0/stm32cubeide/plugins/com.st.stm32cube.ide.mcu.externaltools.gnu-tools-for-stm32.9-2020-q2-update.win32_2.0.0.202105311346/tools/bin/../lib/gcc/arm-none-eabi/9.3.1/../../../../arm-none-eabi/lib/thumb/v7-m/nofp\libc_nano.a(lib_a-init.o)
                              c:/st/stm32cubeide_1.7.0/stm32cubeide/plugins/com.st.stm32cube.ide.mcu.externaltools.gnu-tools-for-stm32.9-2020-q2-update.win32_2.0.0.202105311346/tools/bin/../lib/gcc/arm-none-eabi/9.3.1/../../../../arm-none-eabi/lib/thumb/v7-m/nofp/crt0.o (__libc_init_array)
c:/st/stm32cubeide_1.7.0/stm32cubeide/plugins/com.st.stm32cube.ide.mcu.externaltools.gnu-tools-for-stm32.9-2020-q2-update.win32_2.0.0.202105311346/tools/bin/../lib/gcc/arm-none-eabi/9.3.1/../../../../arm-none-eabi/lib/thumb/v7-m/nofp\libc_nano.a(lib_a-memset.o)
                              c:/st/stm32cubeide_1.7.0/stm32cubeide/plugins/com.st.stm32cube.ide.mcu.externaltools.gnu-tools-for-stm32.9-2020-q2-update.win32_2.0.0.202105311346/tools/bin/../lib/gcc/arm-none-eabi/9.3.1/../../../../arm-none-eabi/lib/thumb/v7-m/nofp/crt0.o (memset)

Allocating common symbols
Common symbol       size              file

uwTick              0x4               ./Drivers/STM32F1xx_HAL_Driver/Src/stm32f1xx_hal.o
pFlash              0x20              ./Drivers/STM32F1xx_HAL_Driver/Src/stm32f1xx_hal_flash.o
counter_timer3      0x4               ./Core/Src/software_timer.o
counter_timer2      0x4               ./Core/Src/software_timer.o
htim2               0x48              ./Core/Src/main.o
counter_timer1      0x4               ./Core/Src/software_timer.o

Discarded input sections

 .text          0x0000000000000000        0x0 c:/st/stm32cubeide_1.7.0/stm32cubeide/plugins/com.st.stm32cube.ide.mcu.externaltools.gnu-tools-for-stm32.9-2020-q2-update.win32_2.0.0.202105311346/tools/bin/../lib/gcc/arm-none-eabi/9.3.1/thumb/v7-m/nofp/crti.o
 .data          0x0000000000000000        0x0 c:/st/stm32cubeide_1.7.0/stm32cubeide/plugins/com.st.stm32cube.ide.mcu.externaltools.gnu-tools-for-stm32.9-2020-q2-update.win32_2.0.0.202105311346/tools/bin/../lib/gcc/arm-none-eabi/9.3.1/thumb/v7-m/nofp/crti.o
 .bss           0x0000000000000000        0x0 c:/st/stm32cubeide_1.7.0/stm32cubeide/plugins/com.st.stm32cube.ide.mcu.externaltools.gnu-tools-for-stm32.9-2020-q2-update.win32_2.0.0.202105311346/tools/bin/../lib/gcc/arm-none-eabi/9.3.1/thumb/v7-m/nofp/crti.o
 .data          0x0000000000000000        0x4 c:/st/stm32cubeide_1.7.0/stm32cubeide/plugins/com.st.stm32cube.ide.mcu.externaltools.gnu-tools-for-stm32.9-2020-q2-update.win32_2.0.0.202105311346/tools/bin/../lib/gcc/arm-none-eabi/9.3.1/thumb/v7-m/nofp/crtbegin.o
 .text          0x0000000000000000       0x7c c:/st/stm32cubeide_1.7.0/stm32cubeide/plugins/com.st.stm32cube.ide.mcu.externaltools.gnu-tools-for-stm32.9-2020-q2-update.win32_2.0.0.202105311346/tools/bin/../lib/gcc/arm-none-eabi/9.3.1/../../../../arm-none-eabi/lib/thumb/v7-m/nofp/crt0.o
 .data          0x0000000000000000        0x0 c:/st/stm32cubeide_1.7.0/stm32cubeide/plugins/com.st.stm32cube.ide.mcu.externaltools.gnu-tools-for-stm32.9-2020-q2-update.win32_2.0.0.202105311346/tools/bin/../lib/gcc/arm-none-eabi/9.3.1/../../../../arm-none-eabi/lib/thumb/v7-m/nofp/crt0.o
[...]
Memory Configuration

Name             Origin             Length             Attributes
RAM              0x0000000020000000 0x0000000000002800 xrw
FLASH            0x0000000008000000 0x0000000000008000 xr
*default*        0x0000000000000000 0xffffffffffffffff

Linker script and memory map

LOAD c:/st/stm32cubeide_1.7.0/stm32cubeide/plugins/com.st.stm32cube.ide.mcu.externaltools.gnu-tools-for-stm32.9-2020-q2-update.win32_2.0.0.202105311346/tools/bin/../lib/gcc/arm-none-eabi/9.3.1/thumb/v7-m/nofp/crti.o
LOAD c:/st/stm32cubeide_1.7.0/stm32cubeide/plugins/com.st.stm32cube.ide.mcu.externaltools.gnu-tools-for-stm32.9-2020-q2-update.win32_2.0.0.202105311346/tools/bin/../lib/gcc/arm-none-eabi/9.3.1/thumb/v7-m/nofp/crtbegin.o
LOAD c:/st/stm32cubeide_1.7.0/stm32cubeide/plugins/com.st.stm32cube.ide.mcu.externaltools.gnu-tools-for-stm32.9-2020-q2-update.win32_2.0.0.202105311346/tools/bin/../lib/gcc/arm-none-eabi/9.3.1/../../../../arm-none-eabi/lib/thumb/v7-m/nofp/crt0.o
LOAD ./Core/Src/7SEG_display.o
LOAD ./Core/Src/button.o
LOAD ./Core/Src/fsm_button_7led.o
LOAD ./Core/Src/global.o
LOAD ./Core/Src/led_debug.o
LOAD ./Core/Src/main.o
LOAD ./Core/Src/software_timer.o
LOAD ./Core/Src/stm32f1xx_hal_msp.o
LOAD ./Core/Src/stm32f1xx_it.o
LOAD ./Core/Src/syscalls.o
LOAD ./Core/Src/sysmem.o
LOAD ./Core/Src/system_stm32f1xx.o
LOAD ./Core/Startup/startup_stm32f103c6ux.o
LOAD ./Drivers/STM32F1xx_HAL_Driver/Src/stm32f1xx_hal.o
LOAD ./Drivers/STM32F1xx_HAL_Driver/Src/stm32f1xx_hal_cortex.o
LOAD ./Drivers/STM32F1xx_HAL_Driver/Src/stm32f1xx_hal_dma.o
LOAD ./Drivers/STM32F1xx_HAL_Driver/Src/stm32f1xx_hal_exti.o
LOAD ./Drivers/STM32F1xx_HAL_Driver/Src/stm32f1xx_hal_flash.o
LOAD ./Drivers/STM32F1xx_HAL_Driver/Src/stm32f1xx_hal_flash_ex.o
LOAD ./Drivers/STM32F1xx_HAL_Driver/Src/stm32f1xx_hal_gpio.o
LOAD ./Drivers/STM32F1xx_HAL_Driver/Src/stm32f1xx_hal_gpio_ex.o
LOAD ./Drivers/STM32F1xx_HAL_Driver/Src/stm32f1xx_hal_pwr.o
LOAD ./Drivers/STM32F1xx_HAL_Driver/Src/stm32f1xx_hal_rcc.o
LOAD ./Drivers/STM32F1xx_HAL_Driver/Src/stm32f1xx_hal_rcc_ex.o
LOAD ./Drivers/STM32F1xx_HAL_Driver/Src/stm32f1xx_hal_tim.o
LOAD ./Drivers/STM32F1xx_HAL_Driver/Src/stm32f1xx_hal_tim_ex.o
START GROUP
LOAD c:/st/stm32cubeide_1.7.0/stm32cubeide/plugins/com.st.stm32cube.ide.mcu.externaltools.gnu-tools-for-stm32.9-2020-q2-update.win32_2.0.0.202105311346/tools/bin/../lib/gcc/arm-none-eabi/9.3.1/../../../../arm-none-eabi/lib/thumb/v7-m/nofp\libc_nano.a
LOAD c:/st/stm32cubeide_1.7.0/stm32cubeide/plugins/com.st.stm32cube.ide.mcu.externaltools.gnu-tools-for-stm32.9-2020-q2-update.win32_2.0.0.202105311346/tools/bin/../lib/gcc/arm-none-eabi/9.3.1/../../../../arm-none-eabi/lib/thumb/v7-m/nofp\libm.a
END GROUP
START GROUP
LOAD c:/st/stm32cubeide_1.7.0/stm32cubeide/plugins/com.st.stm32cube.ide.mcu.externaltools.gnu-tools-for-stm32.9-2020-q2-update.win32_2.0.0.202105311346/tools/bin/../lib/gcc/arm-none-eabi/9.3.1/thumb/v7-m/nofp\libgcc.a
LOAD c:/st/stm32cubeide_1.7.0/stm32cubeide/plugins/com.st.stm32cube.ide.mcu.externaltools.gnu-tools-for-stm32.9-2020-q2-update.win32_2.0.0.202105311346/tools/bin/../lib/gcc/arm-none-eabi/9.3.1/../../../../arm-none-eabi/lib/thumb/v7-m/nofp\libc_nano.a
END GROUP
START GROUP
LOAD c:/st/stm32cubeide_1.7.0/stm32cubeide/plugins/com.st.stm32cube.ide.mcu.externaltools.gnu-tools-for-stm32.9-2020-q2-update.win32_2.0.0.202105311346/tools/bin/../lib/gcc/arm-none-eabi/9.3.1/thumb/v7-m/nofp\libgcc.a
LOAD c:/st/stm32cubeide_1.7.0/stm32cubeide/plugins/com.st.stm32cube.ide.mcu.externaltools.gnu-tools-for-stm32.9-2020-q2-update.win32_2.0.0.202105311346/tools/bin/../lib/gcc/arm-none-eabi/9.3.1/../../../../arm-none-eabi/lib/thumb/v7-m/nofp\libc_nano.a
LOAD c:/st/stm32cubeide_1.7.0/stm32cubeide/plugins/com.st.stm32cube.ide.mcu.externaltools.gnu-tools-for-stm32.9-2020-q2-update.win32_2.0.0.202105311346/tools/bin/../lib/gcc/arm-none-eabi/9.3.1/../../../../arm-none-eabi/lib/thumb/v7-m/nofp\libnosys.a
END GROUP
START GROUP
LOAD c:/st/stm32cubeide_1.7.0/stm32cubeide/plugins/com.st.stm32cube.ide.mcu.externaltools.gnu-tools-for-stm32.9-2020-q2-update.win32_2.0.0.202105311346/tools/bin/../lib/gcc/arm-none-eabi/9.3.1/thumb/v7-m/nofp\libgcc.a
LOAD c:/st/stm32cubeide_1.7.0/stm32cubeide/plugins/com.st.stm32cube.ide.mcu.externaltools.gnu-tools-for-stm32.9-2020-q2-update.win32_2.0.0.202105311346/tools/bin/../lib/gcc/arm-none-eabi/9.3.1/../../../../arm-none-eabi/lib/thumb/v7-m/nofp\libc_nano.a
LOAD c:/st/stm32cubeide_1.7.0/stm32cubeide/plugins/com.st.stm32cube.ide.mcu.externaltools.gnu-tools-for-stm32.9-2020-q2-update.win32_2.0.0.202105311346/tools/bin/../lib/gcc/arm-none-eabi/9.3.1/../../../../arm-none-eabi/lib/thumb/v7-m/nofp\libnosys.a
END GROUP
LOAD c:/st/stm32cubeide_1.7.0/stm32cubeide/plugins/com.st.stm32cube.ide.mcu.externaltools.gnu-tools-for-stm32.9-2020-q2-update.win32_2.0.0.202105311346/tools/bin/../lib/gcc/arm-none-eabi/9.3.1/thumb/v7-m/nofp/crtend.o
LOAD c:/st/stm32cubeide_1.7.0/stm32cubeide/plugins/com.st.stm32cube.ide.mcu.externaltools.gnu-tools-for-stm32.9-2020-q2-update.win32_2.0.0.202105311346/tools/bin/../lib/gcc/arm-none-eabi/9.3.1/thumb/v7-m/nofp/crtn.o
                0x0000000020002800                _estack = (ORIGIN (RAM) + LENGTH (RAM))
                0x0000000000000200                _Min_Heap_Size = 0x200
                0x0000000000000400                _Min_Stack_Size = 0x400

.isr_vector     0x0000000008000000      0x10c
                0x0000000008000000                . = ALIGN (0x4)
 *(.isr_vector)
 .isr_vector    0x0000000008000000      0x10c ./Core/Startup/startup_stm32f103c6ux.o
                0x0000000008000000                g_pfnVectors
                0x000000000800010c                . = ALIGN (0x4)

.text           0x000000000800010c     0x2448
                0x000000000800010c                . = ALIGN (0x4)
 *(.text)
 .text          0x000000000800010c       0x40 c:/st/stm32cubeide_1.7.0/stm32cubeide/plugins/com.st.stm32cube.ide.mcu.externaltools.gnu-tools-for-stm32.9-2020-q2-update.win32_2.0.0.202105311346/tools/bin/../lib/gcc/arm-none-eabi/9.3.1/thumb/v7-m/nofp/crtbegin.o
 *(.text*)
 .text.display7SEG
                0x000000000800014c      0x320 ./Core/Src/7SEG_display.o
                0x000000000800014c                display7SEG
 .text.isButtonRESETPressed
                0x000000000800046c       0x24 ./Core/Src/button.o
                0x000000000800046c                isButtonRESETPressed
 .text.isButtonINCPressed
                0x0000000008000490       0x24 ./Core/Src/button.o
                0x0000000008000490                isButtonINCPressed
 .text.isButtonDECPressed
                0x00000000080004b4       0x24 ./Core/Src/button.o
                0x00000000080004b4                isButtonDECPressed
 .text.subKeyProcess_buttonRESET
                0x00000000080004d8       0x18 ./Core/Src/button.o
                0x00000000080004d8                subKeyProcess_buttonRESET
 .text.subKeyProcess_buttonINC
                0x00000000080004f0       0x18 ./Core/Src/button.o
                0x00000000080004f0                subKeyProcess_buttonINC
 .text.subKeyProcess_buttonDEC
                0x0000000008000508       0x18 ./Core/Src/button.o
                0x0000000008000508                subKeyProcess_buttonDEC
 .text.getKeyInput_buttonRESET
                0x0000000008000520       0xac ./Core/Src/button.o
                0x0000000008000520                getKeyInput_buttonRESET
 .text.getKeyInput_buttonINC
                0x00000000080005cc       0xac ./Core/Src/button.o
                0x00000000080005cc                getKeyInput_buttonINC
 .text.getKeyInput_buttonDEC
                0x0000000008000678       0xac ./Core/Src/button.o
                0x0000000008000678                getKeyInput_buttonDEC
 .text.fsm_simple_buttons_run
                0x0000000008000724      0x2a8 ./Core/Src/fsm_button_7led.o
                0x0000000008000724                fsm_simple_buttons_run
 .text.control_led_run
                0x00000000080009cc       0x28 ./Core/Src/led_debug.o
                0x00000000080009cc                control_led_run
 .text.main     0x00000000080009f4       0x44 ./Core/Src/main.o
                0x00000000080009f4                main
 .text.SystemClock_Config
                0x0000000008000a38       0x76 ./Core/Src/main.o
                0x0000000008000a38                SystemClock_Config
 *fill*         0x0000000008000aae        0x2 
 .text.MX_TIM2_Init
                0x0000000008000ab0       0x98 ./Core/Src/main.o
 .text.MX_GPIO_Init
                0x0000000008000b48       0xe0 ./Core/Src/main.o
 .text.HAL_TIM_PeriodElapsedCallback
                0x0000000008000c28       0x20 ./Core/Src/main.o
                0x0000000008000c28                HAL_TIM_PeriodElapsedCallback
 .text.Error_Handler
                0x0000000008000c48        0xa ./Core/Src/main.o
                0x0000000008000c48                Error_Handler
 *fill*         0x0000000008000c52        0x2 
 .text.setTimer1
                0x0000000008000c54       0x38 ./Core/Src/software_timer.o
                0x0000000008000c54                setTimer1
 .text.setTimer2
                0x0000000008000c8c       0x38 ./Core/Src/software_timer.o
                0x0000000008000c8c                setTimer2
 .text.setTimer3
                0x0000000008000cc4       0x38 ./Core/Src/software_timer.o
                0x0000000008000cc4                setTimer3
 .text.timerRun
                0x0000000008000cfc       0x84 ./Core/Src/software_timer.o
                0x0000000008000cfc                timerRun
 .text.HAL_MspInit
                0x0000000008000d80       0x64 ./Core/Src/stm32f1xx_hal_msp.o
                0x0000000008000d80                HAL_MspInit
 .text.HAL_TIM_Base_MspInit
                0x0000000008000de4       0x48 ./Core/Src/stm32f1xx_hal_msp.o
                0x0000000008000de4                HAL_TIM_Base_MspInit
 .text.NMI_Handler
                0x0000000008000e2c        0x6 ./Core/Src/stm32f1xx_it.o
                0x0000000008000e2c                NMI_Handler
 .text.HardFault_Handler
                0x0000000008000e32        0x6 ./Core/Src/stm32f1xx_it.o
                0x0000000008000e32                HardFault_Handler
 .text.MemManage_Handler
                0x0000000008000e38        0x6 ./Core/Src/stm32f1xx_it.o
                0x0000000008000e38                MemManage_Handler
 .text.BusFault_Handler
                0x0000000008000e3e        0x6 ./Core/Src/stm32f1xx_it.o
                0x0000000008000e3e                BusFault_Handler
 .text.UsageFault_Handler
                0x0000000008000e44        0x6 ./Core/Src/stm32f1xx_it.o
                0x0000000008000e44                UsageFault_Handler
 .text.SVC_Handler
                0x0000000008000e4a        0xc ./Core/Src/stm32f1xx_it.o
                0x0000000008000e4a                SVC_Handler
 .text.DebugMon_Handler
                0x0000000008000e56        0xc ./Core/Src/stm32f1xx_it.o
                0x0000000008000e56                DebugMon_Handler
 .text.PendSV_Handler
                0x0000000008000e62        0xc ./Core/Src/stm32f1xx_it.o
                0x0000000008000e62                PendSV_Handler
 .text.SysTick_Handler
                0x0000000008000e6e        0xc ./Core/Src/stm32f1xx_it.o
                0x0000000008000e6e                SysTick_Handler
 *fill*         0x0000000008000e7a        0x2 
 .text.TIM2_IRQHandler
                0x0000000008000e7c       0x14 ./Core/Src/stm32f1xx_it.o
                0x0000000008000e7c                TIM2_IRQHandler
 .text.SystemInit
                0x0000000008000e90        0xc ./Core/Src/system_stm32f1xx.o
                0x0000000008000e90                SystemInit
 .text.Reset_Handler
                0x0000000008000e9c       0x48 ./Core/Startup/startup_stm32f103c6ux.o
                0x0000000008000e9c                Reset_Handler
 .text.Default_Handler
                0x0000000008000ee4        0x2 ./Core/Startup/startup_stm32f103c6ux.o
                0x0000000008000ee4                RTC_Alarm_IRQHandler
                0x0000000008000ee4                EXTI2_IRQHandler
                0x0000000008000ee4                TIM1_CC_IRQHandler
                0x0000000008000ee4                PVD_IRQHandler
                0x0000000008000ee4                EXTI3_IRQHandler
                0x0000000008000ee4                EXTI0_IRQHandler
                0x0000000008000ee4                ADC1_2_IRQHandler
                0x0000000008000ee4                SPI1_IRQHandler
                0x0000000008000ee4                TAMPER_IRQHandler
                0x0000000008000ee4                DMA1_Channel4_IRQHandler
                0x0000000008000ee4                RTC_IRQHandler
                0x0000000008000ee4                DMA1_Channel7_IRQHandler
                0x0000000008000ee4                CAN1_RX1_IRQHandler
                0x0000000008000ee4                I2C1_EV_IRQHandler
                0x0000000008000ee4                DMA1_Channel6_IRQHandler
                0x0000000008000ee4                TIM3_IRQHandler
                0x0000000008000ee4                RCC_IRQHandler
                0x0000000008000ee4                TIM1_TRG_COM_IRQHandler
                0x0000000008000ee4                DMA1_Channel1_IRQHandler
                0x0000000008000ee4                Default_Handler
                0x0000000008000ee4                EXTI15_10_IRQHandler
                0x0000000008000ee4                EXTI9_5_IRQHandler
                0x0000000008000ee4                DMA1_Channel5_IRQHandler
                0x0000000008000ee4                EXTI4_IRQHandler
                0x0000000008000ee4                USB_LP_CAN1_RX0_IRQHandler
                0x0000000008000ee4                USB_HP_CAN1_TX_IRQHandler
                0x0000000008000ee4                DMA1_Channel3_IRQHandler
                0x0000000008000ee4                TIM1_UP_IRQHandler
                0x0000000008000ee4                WWDG_IRQHandler
                0x0000000008000ee4                TIM1_BRK_IRQHandler
                0x0000000008000ee4                EXTI1_IRQHandler
                0x0000000008000ee4                USART2_IRQHandler
                0x0000000008000ee4                DMA1_Channel2_IRQHandler
                0x0000000008000ee4                CAN1_SCE_IRQHandler
                0x0000000008000ee4                FLASH_IRQHandler
                0x0000000008000ee4                USART1_IRQHandler
                0x0000000008000ee4                I2C1_ER_IRQHandler
                0x0000000008000ee4                USBWakeUp_IRQHandler
 *fill*         0x0000000008000ee6        0x2 
 .text.HAL_Init
                0x0000000008000ee8       0x2c ./Drivers/STM32F1xx_HAL_Driver/Src/stm32f1xx_hal.o
                0x0000000008000ee8                HAL_Init
 .text.HAL_InitTick
                0x0000000008000f14       0x60 ./Drivers/STM32F1xx_HAL_Driver/Src/stm32f1xx_hal.o
                0x0000000008000f14                HAL_InitTick
 .text.HAL_IncTick
                0x0000000008000f74       0x24 ./Drivers/STM32F1xx_HAL_Driver/Src/stm32f1xx_hal.o
                0x0000000008000f74                HAL_IncTick
 .text.HAL_GetTick
                0x0000000008000f98       0x14 ./Drivers/STM32F1xx_HAL_Driver/Src/stm32f1xx_hal.o
                0x0000000008000f98                HAL_GetTick
 .text.__NVIC_SetPriorityGrouping
                0x0000000008000fac       0x48 ./Drivers/STM32F1xx_HAL_Driver/Src/stm32f1xx_hal_cortex.o
 .text.__NVIC_GetPriorityGrouping
                0x0000000008000ff4       0x1c ./Drivers/STM32F1xx_HAL_Driver/Src/stm32f1xx_hal_cortex.o
 .text.__NVIC_EnableIRQ
                0x0000000008001010       0x38 ./Drivers/STM32F1xx_HAL_Driver/Src/stm32f1xx_hal_cortex.o
 .text.__NVIC_SetPriority
                0x0000000008001048       0x54 ./Drivers/STM32F1xx_HAL_Driver/Src/stm32f1xx_hal_cortex.o
 .text.NVIC_EncodePriority
                0x000000000800109c       0x64 ./Drivers/STM32F1xx_HAL_Driver/Src/stm32f1xx_hal_cortex.o
 .text.SysTick_Config
                0x0000000008001100       0x44 ./Drivers/STM32F1xx_HAL_Driver/Src/stm32f1xx_hal_cortex.o
 .text.HAL_NVIC_SetPriorityGrouping
                0x0000000008001144       0x16 ./Drivers/STM32F1xx_HAL_Driver/Src/stm32f1xx_hal_cortex.o
                0x0000000008001144                HAL_NVIC_SetPriorityGrouping
 .text.HAL_NVIC_SetPriority
                0x000000000800115a       0x38 ./Drivers/STM32F1xx_HAL_Driver/Src/stm32f1xx_hal_cortex.o
                0x000000000800115a                HAL_NVIC_SetPriority
 .text.HAL_NVIC_EnableIRQ
                0x0000000008001192       0x1c ./Drivers/STM32F1xx_HAL_Driver/Src/stm32f1xx_hal_cortex.o
                0x0000000008001192                HAL_NVIC_EnableIRQ
 .text.HAL_SYSTICK_Config
                0x00000000080011ae       0x18 ./Drivers/STM32F1xx_HAL_Driver/Src/stm32f1xx_hal_cortex.o
                0x00000000080011ae                HAL_SYSTICK_Config
 *fill*         0x00000000080011c6        0x2 
 .text.HAL_GPIO_Init
                0x00000000080011c8      0x2f4 ./Drivers/STM32F1xx_HAL_Driver/Src/stm32f1xx_hal_gpio.o
                0x00000000080011c8                HAL_GPIO_Init
 .text.HAL_GPIO_ReadPin
                0x00000000080014bc       0x2e ./Drivers/STM32F1xx_HAL_Driver/Src/stm32f1xx_hal_gpio.o
                0x00000000080014bc                HAL_GPIO_ReadPin
 .text.HAL_GPIO_WritePin
                0x00000000080014ea       0x30 ./Drivers/STM32F1xx_HAL_Driver/Src/stm32f1xx_hal_gpio.o
                0x00000000080014ea                HAL_GPIO_WritePin
 .text.HAL_GPIO_TogglePin
                0x000000000800151a       0x32 ./Drivers/STM32F1xx_HAL_Driver/Src/stm32f1xx_hal_gpio.o
                0x000000000800151a                HAL_GPIO_TogglePin
 .text.HAL_RCC_OscConfig
                0x000000000800154c      0x500 ./Drivers/STM32F1xx_HAL_Driver/Src/stm32f1xx_hal_rcc.o
                0x000000000800154c                HAL_RCC_OscConfig
 .text.HAL_RCC_ClockConfig
                0x0000000008001a4c      0x1d4 ./Drivers/STM32F1xx_HAL_Driver/Src/stm32f1xx_hal_rcc.o
                0x0000000008001a4c                HAL_RCC_ClockConfig
 .text.HAL_RCC_GetSysClockFreq
                0x0000000008001c20       0xc0 ./Drivers/STM32F1xx_HAL_Driver/Src/stm32f1xx_hal_rcc.o
                0x0000000008001c20                HAL_RCC_GetSysClockFreq
 .text.RCC_Delay
                0x0000000008001ce0       0x3c ./Drivers/STM32F1xx_HAL_Driver/Src/stm32f1xx_hal_rcc.o
 .text.HAL_TIM_Base_Init
                0x0000000008001d1c       0x9e ./Drivers/STM32F1xx_HAL_Driver/Src/stm32f1xx_hal_tim.o
                0x0000000008001d1c                HAL_TIM_Base_Init
 *fill*         0x0000000008001dba        0x2 
 .text.HAL_TIM_Base_Start_IT
                0x0000000008001dbc       0x98 ./Drivers/STM32F1xx_HAL_Driver/Src/stm32f1xx_hal_tim.o
                0x0000000008001dbc                HAL_TIM_Base_Start_IT
 .text.HAL_TIM_IRQHandler
                0x0000000008001e54      0x210 ./Drivers/STM32F1xx_HAL_Driver/Src/stm32f1xx_hal_tim.o
                0x0000000008001e54                HAL_TIM_IRQHandler
 .text.HAL_TIM_ConfigClockSource
                0x0000000008002064      0x188 ./Drivers/STM32F1xx_HAL_Driver/Src/stm32f1xx_hal_tim.o
                0x0000000008002064                HAL_TIM_ConfigClockSource
 .text.HAL_TIM_OC_DelayElapsedCallback
                0x00000000080021ec       0x12 ./Drivers/STM32F1xx_HAL_Driver/Src/stm32f1xx_hal_tim.o
                0x00000000080021ec                HAL_TIM_OC_DelayElapsedCallback
 .text.HAL_TIM_IC_CaptureCallback
                0x00000000080021fe       0x12 ./Drivers/STM32F1xx_HAL_Driver/Src/stm32f1xx_hal_tim.o
                0x00000000080021fe                HAL_TIM_IC_CaptureCallback
 .text.HAL_TIM_PWM_PulseFinishedCallback
                0x0000000008002210       0x12 ./Drivers/STM32F1xx_HAL_Driver/Src/stm32f1xx_hal_tim.o
                0x0000000008002210                HAL_TIM_PWM_PulseFinishedCallback
 .text.HAL_TIM_TriggerCallback
                0x0000000008002222       0x12 ./Drivers/STM32F1xx_HAL_Driver/Src/stm32f1xx_hal_tim.o
                0x0000000008002222                HAL_TIM_TriggerCallback
 .text.TIM_Base_SetConfig
                0x0000000008002234       0xb0 ./Drivers/STM32F1xx_HAL_Driver/Src/stm32f1xx_hal_tim.o
                0x0000000008002234                TIM_Base_SetConfig
 .text.TIM_TI1_ConfigInputStage
                0x00000000080022e4       0x5c ./Drivers/STM32F1xx_HAL_Driver/Src/stm32f1xx_hal_tim.o
 .text.TIM_TI2_ConfigInputStage
                0x0000000008002340       0x5e ./Drivers/STM32F1xx_HAL_Driver/Src/stm32f1xx_hal_tim.o
 .text.TIM_ITRx_SetConfig
                0x000000000800239e       0x34 ./Drivers/STM32F1xx_HAL_Driver/Src/stm32f1xx_hal_tim.o
 .text.TIM_ETR_SetConfig
                0x00000000080023d2       0x3e ./Drivers/STM32F1xx_HAL_Driver/Src/stm32f1xx_hal_tim.o
                0x00000000080023d2                TIM_ETR_SetConfig
 .text.HAL_TIMEx_MasterConfigSynchronization
                0x0000000008002410       0xb0 ./Drivers/STM32F1xx_HAL_Driver/Src/stm32f1xx_hal_tim_ex.o
                0x0000000008002410                HAL_TIMEx_MasterConfigSynchronization
 .text.HAL_TIMEx_CommutCallback
                0x00000000080024c0       0x12 ./Drivers/STM32F1xx_HAL_Driver/Src/stm32f1xx_hal_tim_ex.o
                0x00000000080024c0                HAL_TIMEx_CommutCallback
 .text.HAL_TIMEx_BreakCallback
                0x00000000080024d2       0x12 ./Drivers/STM32F1xx_HAL_Driver/Src/stm32f1xx_hal_tim_ex.o
                0x00000000080024d2                HAL_TIMEx_BreakCallback
 .text.__libc_init_array
                0x00000000080024e4       0x48 c:/st/stm32cubeide_1.7.0/stm32cubeide/plugins/com.st.stm32cube.ide.mcu.externaltools.gnu-tools-for-stm32.9-2020-q2-update.win32_2.0.0.202105311346/tools/bin/../lib/gcc/arm-none-eabi/9.3.1/../../../../arm-none-eabi/lib/thumb/v7-m/nofp\libc_nano.a(lib_a-init.o)
                0x00000000080024e4                __libc_init_array
 .text.memset   0x000000000800252c       0x10 c:/st/stm32cubeide_1.7.0/stm32cubeide/plugins/com.st.stm32cube.ide.mcu.externaltools.gnu-tools-for-stm32.9-2020-q2-update.win32_2.0.0.202105311346/tools/bin/../lib/gcc/arm-none-eabi/9.3.1/../../../../arm-none-eabi/lib/thumb/v7-m/nofp\libc_nano.a(lib_a-memset.o)
                0x000000000800252c                memset
 *(.glue_7)
 .glue_7        0x000000000800253c        0x0 linker stubs
 *(.glue_7t)
 .glue_7t       0x000000000800253c        0x0 linker stubs
 *(.eh_frame)
 .eh_frame      0x000000000800253c        0x0 c:/st/stm32cubeide_1.7.0/stm32cubeide/plugins/com.st.stm32cube.ide.mcu.externaltools.gnu-tools-for-stm32.9-2020-q2-update.win32_2.0.0.202105311346/tools/bin/../lib/gcc/arm-none-eabi/9.3.1/thumb/v7-m/nofp/crtbegin.o
 *(.init)
 .init          0x000000000800253c        0x4 c:/st/stm32cubeide_1.7.0/stm32cubeide/plugins/com.st.stm32cube.ide.mcu.externaltools.gnu-tools-for-stm32.9-2020-q2-update.win32_2.0.0.202105311346/tools/bin/../lib/gcc/arm-none-eabi/9.3.1/thumb/v7-m/nofp/crti.o
                0x000000000800253c                _init
 .init          0x0000000008002540        0x8 c:/st/stm32cubeide_1.7.0/stm32cubeide/plugins/com.st.stm32cube.ide.mcu.externaltools.gnu-tools-for-stm32.9-2020-q2-update.win32_2.0.0.202105311346/tools/bin/../lib/gcc/arm-none-eabi/9.3.1/thumb/v7-m/nofp/crtn.o
 *(.fini)
 .fini          0x0000000008002548        0x4 c:/st/stm32cubeide_1.7.0/stm32cubeide/plugins/com.st.stm32cube.ide.mcu.externaltools.gnu-tools-for-stm32.9-2020-q2-update.win32_2.0.0.202105311346/tools/bin/../lib/gcc/arm-none-eabi/9.3.1/thumb/v7-m/nofp/crti.o
                0x0000000008002548                _fini
 .fini          0x000000000800254c        0x8 c:/st/stm32cubeide_1.7.0/stm32cubeide/plugins/com.st.stm32cube.ide.mcu.externaltools.gnu-tools-for-stm32.9-2020-q2-update.win32_2.0.0.202105311346/tools/bin/../lib/gcc/arm-none-eabi/9.3.1/thumb/v7-m/nofp/crtn.o
                0x0000000008002554                . = ALIGN (0x4)
                0x0000000008002554                _etext = .

.vfp11_veneer   0x0000000008002554        0x0
 .vfp11_veneer  0x0000000008002554        0x0 linker stubs

.v4_bx          0x0000000008002554        0x0
 .v4_bx         0x0000000008002554        0x0 linker stubs

.iplt           0x0000000008002554        0x0
 .iplt          0x0000000008002554        0x0 c:/st/stm32cubeide_1.7.0/stm32cubeide/plugins/com.st.stm32cube.ide.mcu.externaltools.gnu-tools-for-stm32.9-2020-q2-update.win32_2.0.0.202105311346/tools/bin/../lib/gcc/arm-none-eabi/9.3.1/thumb/v7-m/nofp/crtbegin.o

.rodata         0x0000000008002554       0x20
                0x0000000008002554                . = ALIGN (0x4)
 *(.rodata)
 .rodata        0x0000000008002554       0x10 ./Drivers/STM32F1xx_HAL_Driver/Src/stm32f1xx_hal_rcc.o
 *(.rodata*)
 .rodata.AHBPrescTable
                0x0000000008002564       0x10 ./Core/Src/system_stm32f1xx.o
                0x0000000008002564                AHBPrescTable
                0x0000000008002574                . = ALIGN (0x4)

.rel.dyn        0x0000000008002574        0x0
 .rel.iplt      0x0000000008002574        0x0 c:/st/stm32cubeide_1.7.0/stm32cubeide/plugins/com.st.stm32cube.ide.mcu.externaltools.gnu-tools-for-stm32.9-2020-q2-update.win32_2.0.0.202105311346/tools/bin/../lib/gcc/arm-none-eabi/9.3.1/thumb/v7-m/nofp/crtbegin.o

.ARM.extab      0x0000000008002574        0x0
                0x0000000008002574                . = ALIGN (0x4)
 *(.ARM.extab* .gnu.linkonce.armextab.*)
                0x0000000008002574                . = ALIGN (0x4)

.ARM            0x0000000008002574        0x0
                0x0000000008002574                . = ALIGN (0x4)
                0x0000000008002574                __exidx_start = .
 *(.ARM.exidx*)
                0x0000000008002574                __exidx_end = .
                0x0000000008002574                . = ALIGN (0x4)

.preinit_array  0x0000000008002574        0x0
                0x0000000008002574                . = ALIGN (0x4)
                0x0000000008002574                PROVIDE (__preinit_array_start = .)
 *(.preinit_array*)
                0x0000000008002574                PROVIDE (__preinit_array_end = .)
                0x0000000008002574                . = ALIGN (0x4)

.init_array     0x0000000008002574        0x4
                0x0000000008002574                . = ALIGN (0x4)
                0x0000000008002574                PROVIDE (__init_array_start = .)
 *(SORT_BY_NAME(.init_array.*))
 *(.init_array*)
 .init_array    0x0000000008002574        0x4 c:/st/stm32cubeide_1.7.0/stm32cubeide/plugins/com.st.stm32cube.ide.mcu.externaltools.gnu-tools-for-stm32.9-2020-q2-update.win32_2.0.0.202105311346/tools/bin/../lib/gcc/arm-none-eabi/9.3.1/thumb/v7-m/nofp/crtbegin.o
                0x0000000008002578                PROVIDE (__init_array_end = .)
                0x0000000008002578                . = ALIGN (0x4)

.fini_array     0x0000000008002578        0x4
                0x0000000008002578                . = ALIGN (0x4)
                [!provide]                        PROVIDE (__fini_array_start = .)
 *(SORT_BY_NAME(.fini_array.*))
 *(.fini_array*)
 .fini_array    0x0000000008002578        0x4 c:/st/stm32cubeide_1.7.0/stm32cubeide/plugins/com.st.stm32cube.ide.mcu.externaltools.gnu-tools-for-stm32.9-2020-q2-update.win32_2.0.0.202105311346/tools/bin/../lib/gcc/arm-none-eabi/9.3.1/thumb/v7-m/nofp/crtbegin.o
                [!provide]                        PROVIDE (__fini_array_end = .)
                0x000000000800257c                . = ALIGN (0x4)
                0x000000000800257c                _sidata = LOADADDR (.data)

.data           0x0000000020000000       0x40 load address 0x000000000800257c
                0x0000000020000000                . = ALIGN (0x4)
                0x0000000020000000                _sdata = .
 *(.data)
 *(.data*)
 .data.KeyReg0  0x0000000020000000        0x4 ./Core/Src/button.o
                0x0000000020000000                KeyReg0
 .data.KeyReg1  0x0000000020000004        0x4 ./Core/Src/button.o
                0x0000000020000004                KeyReg1
 .data.KeyReg2  0x0000000020000008        0x4 ./Core/Src/button.o
                0x0000000020000008                KeyReg2
 .data.KeyReg3  0x000000002000000c        0x4 ./Core/Src/button.o
                0x000000002000000c                KeyReg3
 .data.KeyReg4  0x0000000020000010        0x4 ./Core/Src/button.o
                0x0000000020000010                KeyReg4
 .data.KeyReg5  0x0000000020000014        0x4 ./Core/Src/button.o
                0x0000000020000014                KeyReg5
 .data.KeyReg6  0x0000000020000018        0x4 ./Core/Src/button.o
                0x0000000020000018                KeyReg6
 .data.KeyReg7  0x000000002000001c        0x4 ./Core/Src/button.o
                0x000000002000001c                KeyReg7
 .data.KeyReg8  0x0000000020000020        0x4 ./Core/Src/button.o
                0x0000000020000020                KeyReg8
 .data.KeyReg9  0x0000000020000024        0x4 ./Core/Src/button.o
                0x0000000020000024                KeyReg9
 .data.KeyReg10
                0x0000000020000028        0x4 ./Core/Src/button.o
                0x0000000020000028                KeyReg10
 .data.KeyReg11
                0x000000002000002c        0x4 ./Core/Src/button.o
                0x000000002000002c                KeyReg11
 .data.TimeOutForKeyPress
                0x0000000020000030        0x4 ./Core/Src/button.o
                0x0000000020000030                TimeOutForKeyPress
 .data.SystemCoreClock
                0x0000000020000034        0x4 ./Core/Src/system_stm32f1xx.o
                0x0000000020000034                SystemCoreClock
 .data.uwTickPrio
                0x0000000020000038        0x4 ./Drivers/STM32F1xx_HAL_Driver/Src/stm32f1xx_hal.o
                0x0000000020000038                uwTickPrio
 .data.uwTickFreq
                0x000000002000003c        0x1 ./Drivers/STM32F1xx_HAL_Driver/Src/stm32f1xx_hal.o
                0x000000002000003c                uwTickFreq
 *(.RamFunc)
 *(.RamFunc*)
                0x0000000020000040                . = ALIGN (0x4)
 *fill*         0x000000002000003d        0x3 
                0x0000000020000040                _edata = .

.igot.plt       0x0000000020000040        0x0 load address 0x00000000080025bc
 .igot.plt      0x0000000020000040        0x0 c:/st/stm32cubeide_1.7.0/stm32cubeide/plugins/com.st.stm32cube.ide.mcu.externaltools.gnu-tools-for-stm32.9-2020-q2-update.win32_2.0.0.202105311346/tools/bin/../lib/gcc/arm-none-eabi/9.3.1/thumb/v7-m/nofp/crtbegin.o
                0x0000000020000040                . = ALIGN (0x4)

.bss            0x0000000020000040       0x94 load address 0x00000000080025bc
                0x0000000020000040                _sbss = .
                0x0000000020000040                __bss_start__ = _sbss
 *(.bss)
 .bss           0x0000000020000040       0x1c c:/st/stm32cubeide_1.7.0/stm32cubeide/plugins/com.st.stm32cube.ide.mcu.externaltools.gnu-tools-for-stm32.9-2020-q2-update.win32_2.0.0.202105311346/tools/bin/../lib/gcc/arm-none-eabi/9.3.1/thumb/v7-m/nofp/crtbegin.o
 *(.bss*)
 .bss.buttonRESET_flag
                0x000000002000005c        0x4 ./Core/Src/button.o
                0x000000002000005c                buttonRESET_flag
 .bss.buttonINC_flag
                0x0000000020000060        0x4 ./Core/Src/button.o
                0x0000000020000060                buttonINC_flag
 .bss.buttonDEC_flag
                0x0000000020000064        0x4 ./Core/Src/button.o
                0x0000000020000064                buttonDEC_flag
 .bss.status    0x0000000020000068        0x4 ./Core/Src/global.o
                0x0000000020000068                status
 .bss.counter_7led
                0x000000002000006c        0x4 ./Core/Src/global.o
                0x000000002000006c                counter_7led
 .bss.timer1_flag
                0x0000000020000070        0x4 ./Core/Src/software_timer.o
                0x0000000020000070                timer1_flag
 .bss.timer2_flag
                0x0000000020000074        0x4 ./Core/Src/software_timer.o
                0x0000000020000074                timer2_flag
 .bss.timer3_flag
                0x0000000020000078        0x4 ./Core/Src/software_timer.o
                0x0000000020000078                timer3_flag
 *(COMMON)
 COMMON         0x000000002000007c       0x48 ./Core/Src/main.o
                0x000000002000007c                htim2
 COMMON         0x00000000200000c4        0xc ./Core/Src/software_timer.o
                0x00000000200000c4                counter_timer3
                0x00000000200000c8                counter_timer2
                0x00000000200000cc                counter_timer1
 COMMON         0x00000000200000d0        0x4 ./Drivers/STM32F1xx_HAL_Driver/Src/stm32f1xx_hal.o
                0x00000000200000d0                uwTick
                0x00000000200000d4                . = ALIGN (0x4)
                0x00000000200000d4                _ebss = .
                0x00000000200000d4                __bss_end__ = _ebss

._user_heap_stack
                0x00000000200000d4      0x604 load address 0x00000000080025bc
                0x00000000200000d8                . = ALIGN (0x8)
 *fill*         0x00000000200000d4        0x4 
                [!provide]                        PROVIDE (end = .)
                0x00000000200000d8                PROVIDE (_end = .)
                0x00000000200002d8                . = (. + _Min_Heap_Size)
 *fill*         0x00000000200000d8      0x200 
                0x00000000200006d8                . = (. + _Min_Stack_Size)
 *fill*         0x00000000200002d8      0x400 
                0x00000000200006d8                . = ALIGN (0x8)

/DISCARD/
 libc.a(*)
 libm.a(*)
 libgcc.a(*)

.ARM.attributes
                0x0000000000000000       0x29
 *(.ARM.attributes)
 .ARM.attributes
                0x0000000000000000       0x1d c:/st/stm32cubeide_1.7.0/stm32cubeide/plugins/com.st.stm32cube.ide.mcu.externaltools.gnu-tools-for-stm32.9-2020-q2-update.win32_2.0.0.202105311346/tools/bin/../lib/gcc/arm-none-eabi/9.3.1/thumb/v7-m/nofp/crti.o
 .ARM.attributes
                0x000000000000001d       0x2d c:/st/stm32cubeide_1.7.0/stm32cubeide/plugins/com.st.stm32cube.ide.mcu.externaltools.gnu-tools-for-stm32.9-2020-q2-update.win32_2.0.0.202105311346/tools/bin/../lib/gcc/arm-none-eabi/9.3.1/thumb/v7-m/nofp/crtbegin.o
 .ARM.attributes
                0x000000000000004a       0x2d ./Core/Src/7SEG_display.o
 .ARM.attributes
                0x0000000000000077       0x2d ./Core/Src/button.o
 .ARM.attributes
                0x00000000000000a4       0x2d ./Core/Src/fsm_button_7led.o
 .ARM.attributes
                0x00000000000000d1       0x33 ./Core/Src/global.o
 .ARM.attributes
                0x0000000000000104       0x2d ./Core/Src/led_debug.o
 .ARM.attributes
                0x0000000000000131       0x2d ./Core/Src/main.o
 .ARM.attributes
                0x000000000000015e       0x2d ./Core/Src/software_timer.o
 .ARM.attributes
                0x000000000000018b       0x2d ./Core/Src/stm32f1xx_hal_msp.o
 .ARM.attributes
                0x00000000000001b8       0x2d ./Core/Src/stm32f1xx_it.o
 .ARM.attributes
                0x00000000000001e5       0x2d ./Core/Src/system_stm32f1xx.o
 .ARM.attributes
                0x0000000000000212       0x21 ./Core/Startup/startup_stm32f103c6ux.o
 .ARM.attributes
                0x0000000000000233       0x2d ./Drivers/STM32F1xx_HAL_Driver/Src/stm32f1xx_hal.o
 .ARM.attributes
                0x0000000000000260       0x2d ./Drivers/STM32F1xx_HAL_Driver/Src/stm32f1xx_hal_cortex.o
 .ARM.attributes
                0x000000000000028d       0x2d ./Drivers/STM32F1xx_HAL_Driver/Src/stm32f1xx_hal_gpio.o
 .ARM.attributes
                0x00000000000002ba       0x2d ./Drivers/STM32F1xx_HAL_Driver/Src/stm32f1xx_hal_rcc.o
 .ARM.attributes
                0x00000000000002e7       0x2d ./Drivers/STM32F1xx_HAL_Driver/Src/stm32f1xx_hal_tim.o
 .ARM.attributes
                0x0000000000000314       0x2d ./Drivers/STM32F1xx_HAL_Driver/Src/stm32f1xx_hal_tim_ex.o
 .ARM.attributes
                0x0000000000000341       0x2d c:/st/stm32cubeide_1.7.0/stm32cubeide/plugins/com.st.stm32cube.ide.mcu.externaltools.gnu-tools-for-stm32.9-2020-q2-update.win32_2.0.0.202105311346/tools/bin/../lib/gcc/arm-none-eabi/9.3.1/../../../../arm-none-eabi/lib/thumb/v7-m/nofp\libc_nano.a(lib_a-init.o)
 .ARM.attributes
                0x000000000000036e       0x2d c:/st/stm32cubeide_1.7.0/stm32cubeide/plugins/com.st.stm32cube.ide.mcu.externaltools.gnu-tools-for-stm32.9-2020-q2-update.win32_2.0.0.202105311346/tools/bin/../lib/gcc/arm-none-eabi/9.3.1/../../../../arm-none-eabi/lib/thumb/v7-m/nofp\libc_nano.a(lib_a-memset.o)
 .ARM.attributes
                0x000000000000039b       0x1d c:/st/stm32cubeide_1.7.0/stm32cubeide/plugins/com.st.stm32cube.ide.mcu.externaltools.gnu-tools-for-stm32.9-2020-q2-update.win32_2.0.0.202105311346/tools/bin/../lib/gcc/arm-none-eabi/9.3.1/thumb/v7-m/nofp/crtn.o
OUTPUT(Project24h.elf elf32-littlearm)
LOAD linker stubs
LOAD c:/st/stm32cubeide_1.7.0/stm32cubeide/plugins/com.st.stm32cube.ide.mcu.externaltools.gnu-tools-for-stm32.9-2020-q2-update.win32_2.0.0.202105311346/tools/bin/../lib/gcc/arm-none-eabi/9.3.1/../../../../arm-none-eabi/lib/thumb/v7-m/nofp\libc.a
LOAD c:/st/stm32cubeide_1.7.0/stm32cubeide/plugins/com.st.stm32cube.ide.mcu.externaltools.gnu-tools-for-stm32.9-2020-q2-update.win32_2.0.0.202105311346/tools/bin/../lib/gcc/arm-none-eabi/9.3.1/../../../../arm-none-eabi/lib/thumb/v7-m/nofp\libm.a
LOAD c:/st/stm32cubeide_1.7.0/stm32cubeide/plugins/com.st.stm32cube.ide.mcu.externaltools.gnu-tools-for-stm32.9-2020-q2-update.win32_2.0.0.202105311346/tools/bin/../lib/gcc/arm-none-eabi/9.3.1/thumb/v7-m/nofp\libgcc.a

.debug_info     0x0000000000000000     0x932c
 .debug_info    0x0000000000000000      0x24f ./Core/Src/7SEG_display.o
 .debug_info    0x000000000000024f      0x461 ./Core/Src/button.o
 .debug_info    0x00000000000006b0      0x2ff ./Core/Src/fsm_button_7led.o
 .debug_info    0x00000000000009af      0x204 ./Core/Src/global.o
 .debug_info    0x0000000000000bb3      0x278 ./Core/Src/led_debug.o
 .debug_info    0x0000000000000e2b      0xc33 ./Core/Src/main.o
 .debug_info    0x0000000000001a5e      0x283 ./Core/Src/software_timer.o
 .debug_info    0x0000000000001ce1      0xa04 ./Core/Src/stm32f1xx_hal_msp.o
 .debug_info    0x00000000000026e5      0x7b4 ./Core/Src/stm32f1xx_it.o
 .debug_info    0x0000000000002e99      0x2be ./Core/Src/system_stm32f1xx.o
 .debug_info    0x0000000000003157       0x22 ./Core/Startup/startup_stm32f103c6ux.o
 .debug_info    0x0000000000003179      0x74c ./Drivers/STM32F1xx_HAL_Driver/Src/stm32f1xx_hal.o
 .debug_info    0x00000000000038c5      0xbbe ./Drivers/STM32F1xx_HAL_Driver/Src/stm32f1xx_hal_cortex.o
 .debug_info    0x0000000000004483      0x701 ./Drivers/STM32F1xx_HAL_Driver/Src/stm32f1xx_hal_gpio.o
 .debug_info    0x0000000000004b84      0x88e ./Drivers/STM32F1xx_HAL_Driver/Src/stm32f1xx_hal_rcc.o
 .debug_info    0x0000000000005412     0x2a45 ./Drivers/STM32F1xx_HAL_Driver/Src/stm32f1xx_hal_tim.o
 .debug_info    0x0000000000007e57     0x14d5 ./Drivers/STM32F1xx_HAL_Driver/Src/stm32f1xx_hal_tim_ex.o

.debug_abbrev   0x0000000000000000     0x1b24
 .debug_abbrev  0x0000000000000000      0x112 ./Core/Src/7SEG_display.o
 .debug_abbrev  0x0000000000000112      0x13b ./Core/Src/button.o
 .debug_abbrev  0x000000000000024d      0x107 ./Core/Src/fsm_button_7led.o
 .debug_abbrev  0x0000000000000354       0xa9 ./Core/Src/global.o
 .debug_abbrev  0x00000000000003fd       0xf6 ./Core/Src/led_debug.o
 .debug_abbrev  0x00000000000004f3      0x259 ./Core/Src/main.o
 .debug_abbrev  0x000000000000074c      0x12c ./Core/Src/software_timer.o
 .debug_abbrev  0x0000000000000878      0x1b7 ./Core/Src/stm32f1xx_hal_msp.o
 .debug_abbrev  0x0000000000000a2f      0x176 ./Core/Src/stm32f1xx_it.o
 .debug_abbrev  0x0000000000000ba5      0x14e ./Core/Src/system_stm32f1xx.o
 .debug_abbrev  0x0000000000000cf3       0x12 ./Core/Startup/startup_stm32f103c6ux.o
 .debug_abbrev  0x0000000000000d05      0x1ed ./Drivers/STM32F1xx_HAL_Driver/Src/stm32f1xx_hal.o
 .debug_abbrev  0x0000000000000ef2      0x313 ./Drivers/STM32F1xx_HAL_Driver/Src/stm32f1xx_hal_cortex.o
 .debug_abbrev  0x0000000000001205      0x1e8 ./Drivers/STM32F1xx_HAL_Driver/Src/stm32f1xx_hal_gpio.o
 .debug_abbrev  0x00000000000013ed      0x273 ./Drivers/STM32F1xx_HAL_Driver/Src/stm32f1xx_hal_rcc.o
 .debug_abbrev  0x0000000000001660      0x25e ./Drivers/STM32F1xx_HAL_Driver/Src/stm32f1xx_hal_tim.o
 .debug_abbrev  0x00000000000018be      0x266 ./Drivers/STM32F1xx_HAL_Driver/Src/stm32f1xx_hal_tim_ex.o

.debug_aranges  0x0000000000000000      0xa40
 .debug_aranges
                0x0000000000000000       0x20 ./Core/Src/7SEG_display.o
 .debug_aranges
                0x0000000000000020       0x60 ./Core/Src/button.o
 .debug_aranges
                0x0000000000000080       0x20 ./Core/Src/fsm_button_7led.o
 .debug_aranges
                0x00000000000000a0       0x18 ./Core/Src/global.o
 .debug_aranges
                0x00000000000000b8       0x20 ./Core/Src/led_debug.o
 .debug_aranges
                0x00000000000000d8       0x48 ./Core/Src/main.o
 .debug_aranges
                0x0000000000000120       0x38 ./Core/Src/software_timer.o
 .debug_aranges
                0x0000000000000158       0x30 ./Core/Src/stm32f1xx_hal_msp.o
 .debug_aranges
                0x0000000000000188       0x68 ./Core/Src/stm32f1xx_it.o
 .debug_aranges
                0x00000000000001f0       0x28 ./Core/Src/system_stm32f1xx.o
 .debug_aranges
                0x0000000000000218       0x28 ./Core/Startup/startup_stm32f103c6ux.o
 .debug_aranges
                0x0000000000000240       0xe0 ./Drivers/STM32F1xx_HAL_Driver/Src/stm32f1xx_hal.o
 .debug_aranges
                0x0000000000000320      0x100 ./Drivers/STM32F1xx_HAL_Driver/Src/stm32f1xx_hal_cortex.o
 .debug_aranges
                0x0000000000000420       0x58 ./Drivers/STM32F1xx_HAL_Driver/Src/stm32f1xx_hal_gpio.o
 .debug_aranges
                0x0000000000000478       0x90 ./Drivers/STM32F1xx_HAL_Driver/Src/stm32f1xx_hal_rcc.o
 .debug_aranges
                0x0000000000000508      0x3d0 ./Drivers/STM32F1xx_HAL_Driver/Src/stm32f1xx_hal_tim.o
 .debug_aranges
                0x00000000000008d8      0x168 ./Drivers/STM32F1xx_HAL_Driver/Src/stm32f1xx_hal_tim_ex.o

.debug_ranges   0x0000000000000000      0x980
 .debug_ranges  0x0000000000000000       0x10 ./Core/Src/7SEG_display.o
 .debug_ranges  0x0000000000000010       0x50 ./Core/Src/button.o
 .debug_ranges  0x0000000000000060       0x60 ./Core/Src/fsm_button_7led.o
 .debug_ranges  0x00000000000000c0       0x10 ./Core/Src/led_debug.o
 .debug_ranges  0x00000000000000d0       0x38 ./Core/Src/main.o
 .debug_ranges  0x0000000000000108       0x28 ./Core/Src/software_timer.o
 .debug_ranges  0x0000000000000130       0x20 ./Core/Src/stm32f1xx_hal_msp.o
 .debug_ranges  0x0000000000000150       0x58 ./Core/Src/stm32f1xx_it.o
 .debug_ranges  0x00000000000001a8       0x18 ./Core/Src/system_stm32f1xx.o
 .debug_ranges  0x00000000000001c0       0x20 ./Core/Startup/startup_stm32f103c6ux.o
 .debug_ranges  0x00000000000001e0       0xd0 ./Drivers/STM32F1xx_HAL_Driver/Src/stm32f1xx_hal.o
 .debug_ranges  0x00000000000002b0       0xf0 ./Drivers/STM32F1xx_HAL_Driver/Src/stm32f1xx_hal_cortex.o
 .debug_ranges  0x00000000000003a0       0x48 ./Drivers/STM32F1xx_HAL_Driver/Src/stm32f1xx_hal_gpio.o
 .debug_ranges  0x00000000000003e8       0x80 ./Drivers/STM32F1xx_HAL_Driver/Src/stm32f1xx_hal_rcc.o
 .debug_ranges  0x0000000000000468      0x3c0 ./Drivers/STM32F1xx_HAL_Driver/Src/stm32f1xx_hal_tim.o
 .debug_ranges  0x0000000000000828      0x158 ./Drivers/STM32F1xx_HAL_Driver/Src/stm32f1xx_hal_tim_ex.o

.debug_macro    0x0000000000000000    0x16e10
 .debug_macro   0x0000000000000000      0x1b1 ./Core/Src/7SEG_display.o
 .debug_macro   0x00000000000001b1      0xa9c ./Core/Src/7SEG_display.o
 .debug_macro   0x0000000000000c4d      0x215 ./Core/Src/7SEG_display.o
 .debug_macro   0x0000000000000e62       0x2e ./Core/Src/7SEG_display.o
 .debug_macro   0x0000000000000e90       0x22 ./Core/Src/7SEG_display.o
 .debug_macro   0x0000000000000eb2       0x22 ./Core/Src/7SEG_display.o
 .debug_macro   0x0000000000000ed4       0x8e ./Core/Src/7SEG_display.o
 .debug_macro   0x0000000000000f62       0x51 ./Core/Src/7SEG_display.o
 .debug_macro   0x0000000000000fb3      0x103 ./Core/Src/7SEG_display.o
 .debug_macro   0x00000000000010b6       0x6a ./Core/Src/7SEG_display.o
 .debug_macro   0x0000000000001120      0x1df ./Core/Src/7SEG_display.o
 .debug_macro   0x00000000000012ff       0x1c ./Core/Src/7SEG_display.o
 .debug_macro   0x000000000000131b       0x22 ./Core/Src/7SEG_display.o
 .debug_macro   0x000000000000133d       0xc3 ./Core/Src/7SEG_display.o
 .debug_macro   0x0000000000001400      0xd23 ./Core/Src/7SEG_display.o
 .debug_macro   0x0000000000002123     0xde75 ./Core/Src/7SEG_display.o
 .debug_macro   0x000000000000ff98       0x6d ./Core/Src/7SEG_display.o
 .debug_macro   0x0000000000010005     0x3468 ./Core/Src/7SEG_display.o
 .debug_macro   0x000000000001346d      0x174 ./Core/Src/7SEG_display.o
 .debug_macro   0x00000000000135e1       0x5c ./Core/Src/7SEG_display.o
 .debug_macro   0x000000000001363d      0x5be ./Core/Src/7SEG_display.o
 .debug_macro   0x0000000000013bfb      0x1b7 ./Core/Src/7SEG_display.o
 .debug_macro   0x0000000000013db2      0x1cb ./Core/Src/7SEG_display.o
 .debug_macro   0x0000000000013f7d      0x114 ./Core/Src/7SEG_display.o
 .debug_macro   0x0000000000014091      0x1b2 ./Core/Src/7SEG_display.o
 .debug_macro   0x0000000000014243       0x27 ./Core/Src/7SEG_display.o
 .debug_macro   0x000000000001426a      0x12f ./Core/Src/7SEG_display.o
 .debug_macro   0x0000000000014399      0x1bc ./Core/Src/7SEG_display.o
 .debug_macro   0x0000000000014555       0x34 ./Core/Src/7SEG_display.o
 .debug_macro   0x0000000000014589       0x3c ./Core/Src/7SEG_display.o
 .debug_macro   0x00000000000145c5       0x57 ./Core/Src/7SEG_display.o
 .debug_macro   0x000000000001461c       0x88 ./Core/Src/7SEG_display.o
 .debug_macro   0x00000000000146a4      0x183 ./Core/Src/7SEG_display.o
 .debug_macro   0x0000000000014827      0x141 ./Core/Src/7SEG_display.o
 .debug_macro   0x0000000000014968      0x8d1 ./Core/Src/7SEG_display.o
 .debug_macro   0x0000000000015239       0x69 ./Core/Src/7SEG_display.o
 .debug_macro   0x00000000000152a2       0xf4 ./Core/Src/7SEG_display.o
 .debug_macro   0x0000000000015396      0x1d3 ./Core/Src/button.o
 .debug_macro   0x0000000000015569       0x22 ./Core/Src/button.o
 .debug_macro   0x000000000001558b       0x10 ./Core/Src/button.o
 .debug_macro   0x000000000001559b      0x1e7 ./Core/Src/fsm_button_7led.o
 .debug_macro   0x0000000000015782      0x1d3 ./Core/Src/global.o
 .debug_macro   0x0000000000015955      0x1dd ./Core/Src/led_debug.o
 .debug_macro   0x0000000000015b32      0x205 ./Core/Src/main.o
 .debug_macro   0x0000000000015d37      0x1b7 ./Core/Src/software_timer.o
 .debug_macro   0x0000000000015eee      0x1a7 ./Core/Src/stm32f1xx_hal_msp.o
 .debug_macro   0x0000000000016095      0x1b1 ./Core/Src/stm32f1xx_it.o
 .debug_macro   0x0000000000016246      0x198 ./Core/Src/system_stm32f1xx.o
 .debug_macro   0x00000000000163de      0x1bc ./Drivers/STM32F1xx_HAL_Driver/Src/stm32f1xx_hal.o
 .debug_macro   0x000000000001659a      0x198 ./Drivers/STM32F1xx_HAL_Driver/Src/stm32f1xx_hal_cortex.o
 .debug_macro   0x0000000000016732      0x203 ./Drivers/STM32F1xx_HAL_Driver/Src/stm32f1xx_hal_gpio.o
 .debug_macro   0x0000000000016935      0x1aa ./Drivers/STM32F1xx_HAL_Driver/Src/stm32f1xx_hal_rcc.o
 .debug_macro   0x0000000000016adf      0x199 ./Drivers/STM32F1xx_HAL_Driver/Src/stm32f1xx_hal_tim.o
 .debug_macro   0x0000000000016c78      0x198 ./Drivers/STM32F1xx_HAL_Driver/Src/stm32f1xx_hal_tim_ex.o

.debug_line     0x0000000000000000     0xbda8
 .debug_line    0x0000000000000000      0x6bf ./Core/Src/7SEG_display.o
 .debug_line    0x00000000000006bf      0x853 ./Core/Src/button.o
 .debug_line    0x0000000000000f12      0x81d ./Core/Src/fsm_button_7led.o
 .debug_line    0x000000000000172f      0x66d ./Core/Src/global.o
 .debug_line    0x0000000000001d9c      0x69d ./Core/Src/led_debug.o
 .debug_line    0x0000000000002439      0x7f0 ./Core/Src/main.o
 .debug_line    0x0000000000002c29      0x70a ./Core/Src/software_timer.o
 .debug_line    0x0000000000003333      0x6a1 ./Core/Src/stm32f1xx_hal_msp.o
 .debug_line    0x00000000000039d4      0x73f ./Core/Src/stm32f1xx_it.o
 .debug_line    0x0000000000004113      0x6e3 ./Core/Src/system_stm32f1xx.o
 .debug_line    0x00000000000047f6       0x87 ./Core/Startup/startup_stm32f103c6ux.o
 .debug_line    0x000000000000487d      0x910 ./Drivers/STM32F1xx_HAL_Driver/Src/stm32f1xx_hal.o
 .debug_line    0x000000000000518d      0xaf8 ./Drivers/STM32F1xx_HAL_Driver/Src/stm32f1xx_hal_cortex.o
 .debug_line    0x0000000000005c85      0x991 ./Drivers/STM32F1xx_HAL_Driver/Src/stm32f1xx_hal_gpio.o
 .debug_line    0x0000000000006616      0xd1e ./Drivers/STM32F1xx_HAL_Driver/Src/stm32f1xx_hal_rcc.o
 .debug_line    0x0000000000007334     0x326e ./Drivers/STM32F1xx_HAL_Driver/Src/stm32f1xx_hal_tim.o
 .debug_line    0x000000000000a5a2     0x1806 ./Drivers/STM32F1xx_HAL_Driver/Src/stm32f1xx_hal_tim_ex.o

.debug_str      0x0000000000000000    0x821d6
 .debug_str     0x0000000000000000    0x7f523 ./Core/Src/7SEG_display.o
                                      0x7f867 (size before relaxing)
 .debug_str     0x000000000007f523      0x26d ./Core/Src/button.o
                                      0x7faae (size before relaxing)
 .debug_str     0x000000000007f790       0x4d ./Core/Src/fsm_button_7led.o
                                      0x7f96e (size before relaxing)
 .debug_str     0x000000000007f7dd       0x15 ./Core/Src/global.o
                                      0x7f8e6 (size before relaxing)
 .debug_str     0x000000000007f7f2       0x3a ./Core/Src/led_debug.o
                                      0x7f936 (size before relaxing)
 .debug_str     0x000000000007f82c      0x6df ./Core/Src/main.o
                                      0x8012a (size before relaxing)
 .debug_str     0x000000000007ff0b       0x89 ./Core/Src/software_timer.o
                                      0x7f8b7 (size before relaxing)
 .debug_str     0x000000000007ff94      0x2ba ./Core/Src/stm32f1xx_hal_msp.o
                                      0x80018 (size before relaxing)
 .debug_str     0x000000000008024e       0xcd ./Core/Src/stm32f1xx_it.o
                                      0x7fd7a (size before relaxing)
 .debug_str     0x000000000008031b       0x52 ./Core/Src/system_stm32f1xx.o
                                      0x7f523 (size before relaxing)
 .debug_str     0x000000000008036d       0x36 ./Core/Startup/startup_stm32f103c6ux.o
                                         0x8e (size before relaxing)
 .debug_str     0x00000000000803a3      0x304 ./Drivers/STM32F1xx_HAL_Driver/Src/stm32f1xx_hal.o
                                      0x7fb7a (size before relaxing)
 .debug_str     0x00000000000806a7      0x300 ./Drivers/STM32F1xx_HAL_Driver/Src/stm32f1xx_hal_cortex.o
                                      0x7fb82 (size before relaxing)
 .debug_str     0x00000000000809a7      0x324 ./Drivers/STM32F1xx_HAL_Driver/Src/stm32f1xx_hal_gpio.o
                                      0x7f8e7 (size before relaxing)
 .debug_str     0x0000000000080ccb      0x24f ./Drivers/STM32F1xx_HAL_Driver/Src/stm32f1xx_hal_rcc.o
                                      0x7f920 (size before relaxing)
 .debug_str     0x0000000000080f1a      0xdce ./Drivers/STM32F1xx_HAL_Driver/Src/stm32f1xx_hal_tim.o
                                      0x808f2 (size before relaxing)
 .debug_str     0x0000000000081ce8      0x4ee ./Drivers/STM32F1xx_HAL_Driver/Src/stm32f1xx_hal_tim_ex.o
                                      0x800a3 (size before relaxing)

.comment        0x0000000000000000       0x53
 .comment       0x0000000000000000       0x53 ./Core/Src/7SEG_display.o
                                         0x54 (size before relaxing)
 .comment       0x0000000000000053       0x54 ./Core/Src/button.o
 .comment       0x0000000000000053       0x54 ./Core/Src/fsm_button_7led.o
 .comment       0x0000000000000053       0x54 ./Core/Src/global.o
 .comment       0x0000000000000053       0x54 ./Core/Src/led_debug.o
 .comment       0x0000000000000053       0x54 ./Core/Src/main.o
 .comment       0x0000000000000053       0x54 ./Core/Src/software_timer.o
 .comment       0x0000000000000053       0x54 ./Core/Src/stm32f1xx_hal_msp.o
 .comment       0x0000000000000053       0x54 ./Core/Src/stm32f1xx_it.o
 .comment       0x0000000000000053       0x54 ./Core/Src/system_stm32f1xx.o
 .comment       0x0000000000000053       0x54 ./Drivers/STM32F1xx_HAL_Driver/Src/stm32f1xx_hal.o
 .comment       0x0000000000000053       0x54 ./Drivers/STM32F1xx_HAL_Driver/Src/stm32f1xx_hal_cortex.o
 .comment       0x0000000000000053       0x54 ./Drivers/STM32F1xx_HAL_Driver/Src/stm32f1xx_hal_gpio.o
 .comment       0x0000000000000053       0x54 ./Drivers/STM32F1xx_HAL_Driver/Src/stm32f1xx_hal_rcc.o
 .comment       0x0000000000000053       0x54 ./Drivers/STM32F1xx_HAL_Driver/Src/stm32f1xx_hal_tim.o
 .comment       0x0000000000000053       0x54 ./Drivers/STM32F1xx_HAL_Driver/Src/stm32f1xx_hal_tim_ex.o

.debug_frame    0x0000000000000000     0x2828
 .debug_frame   0x0000000000000000       0x38 ./Core/Src/7SEG_display.o
 .debug_frame   0x0000000000000038      0x124 ./Core/Src/button.o
 .debug_frame   0x000000000000015c       0x2c ./Core/Src/fsm_button_7led.o
 .debug_frame   0x0000000000000188       0x2c ./Core/Src/led_debug.o
 .debug_frame   0x00000000000001b4       0xd4 ./Core/Src/main.o
 .debug_frame   0x0000000000000288       0xa8 ./Core/Src/software_timer.o
 .debug_frame   0x0000000000000330       0x80 ./Core/Src/stm32f1xx_hal_msp.o
 .debug_frame   0x00000000000003b0      0x120 ./Core/Src/stm32f1xx_it.o
 .debug_frame   0x00000000000004d0       0x58 ./Core/Src/system_stm32f1xx.o
 .debug_frame   0x0000000000000528      0x334 ./Drivers/STM32F1xx_HAL_Driver/Src/stm32f1xx_hal.o
 .debug_frame   0x000000000000085c      0x428 ./Drivers/STM32F1xx_HAL_Driver/Src/stm32f1xx_hal_cortex.o
 .debug_frame   0x0000000000000c84      0x14c ./Drivers/STM32F1xx_HAL_Driver/Src/stm32f1xx_hal_gpio.o
 .debug_frame   0x0000000000000dd0      0x21c ./Drivers/STM32F1xx_HAL_Driver/Src/stm32f1xx_hal_rcc.o
 .debug_frame   0x0000000000000fec     0x11b8 ./Drivers/STM32F1xx_HAL_Driver/Src/stm32f1xx_hal_tim.o
 .debug_frame   0x00000000000021a4      0x638 ./Drivers/STM32F1xx_HAL_Driver/Src/stm32f1xx_hal_tim_ex.o
 .debug_frame   0x00000000000027dc       0x2c c:/st/stm32cubeide_1.7.0/stm32cubeide/plugins/com.st.stm32cube.ide.mcu.externaltools.gnu-tools-for-stm32.9-2020-q2-update.win32_2.0.0.202105311346/tools/bin/../lib/gcc/arm-none-eabi/9.3.1/../../../../arm-none-eabi/lib/thumb/v7-m/nofp\libc_nano.a(lib_a-init.o)
 .debug_frame   0x0000000000002808       0x20 c:/st/stm32cubeide_1.7.0/stm32cubeide/plugins/com.st.stm32cube.ide.mcu.externaltools.gnu-tools-for-stm32.9-2020-q2-update.win32_2.0.0.202105311346/tools/bin/../lib/gcc/arm-none-eabi/9.3.1/../../../../arm-none-eabi/lib/thumb/v7-m/nofp\libc_nano.a(lib_a-memset.o)
